=== คำแนะนำสำหรับการ Deploy บน Railway ===
1. ติดตั้ง Railway CLI ด้วยคำสั่ง: npm install -g @railway/cli
2. ล็อกอินด้วยคำสั่ง: railway login
3. เริ่มต้นโปรเจคด้วยคำสั่ง: railway init
4. Deploy ด้วยคำสั่ง: railway up
5. เพิ่มฐานข้อมูล PostgreSQL ผ่าน dashboard ของ Railway

=== ขั้นตอนต่อไปหลังจาก Deploy สำเร็จ ===
1. เข้าถึงแอปพลิเคชันของคุณผ่าน URL ที่ได้รับ
2. สร้างบัญชีผู้ดูแลระบบ (Admin) โดยเข้าที่ URL: [URL ของคุณ]/api/setup-admin
3. เข้าสู่ระบบด้วย Username: admin และ Password: admin123
4. เปลี่ยนรหัสผ่านทันทีหลังจากเข้าสู่ระบบ
5. ตั้งค่าร้านค้าและเพิ่มสินค้าของคุณ

การเตรียมการเสร็จสิ้น! 🎉
คุณสามารถศึกษาเพิ่มเติมได้จากไฟล์ "คู่มือการ Deploy ฉบับง่าย.md"
jamies@MacBook-Pro-khxng-Jamies CoffeeOrderMaster-firebase % npm install -g @railway/cli
npm warn deprecated node-domexception@1.0.0: Use your platform's native DOMException instead

changed 17 packages in 7s

3 packages are looking for funding
  run `npm fund` for details
jamies@MacBook-Pro-khxng-Jamies CoffeeOrderMaster-firebase % railway login
> Open the browser? No
Browserless Login
Please visit:
  https://railway.com/cli-login?d=d29yZENvZGU9ZnJhbmstc21lbGx5LXVwc2V0LWV5ZSZob3N0bmFtZT1NYWNCb29rLVByby1raHhuZy1KYW1pZXMubG9jYWw=
Your pairing code is: frank-smelly-upset-eye
Logged in as nutrawee@subyaischool.ac.th
jamies@MacBook-Pro-khxng-Jamies CoffeeOrderMaster-firebase % railway init
> Select a workspace Nutrawee Wisetsombut's Projects
> Project Name Coffee Order App
Created project Coffee Order App on Nutrawee Wisetsombut's Projects
https://railway.com/project/9ee4aa5a-96b7-4720-9b97-b9298a7c24fc
jamies@MacBook-Pro-khxng-Jamies CoffeeOrderMaster-firebase % railway up
> Select a service coffeeorder
  Indexed                                                                                                                         
  Compressed [====================] 100%                                                                                          
  Failed                                                                                                                          Failed to upload code with status code 520 <unknown status code>
jamies@MacBook-Pro-khxng-Jamies CoffeeOrderMaster-firebase % railway init
> Select a workspace Nutrawee Wisetsombut's Projects
> Project Name Will be randomly generated
Created project delicious-opinion on Nutrawee Wisetsombut's Projects
https://railway.com/project/eaf48a05-3f8d-48c4-b744-a5a40efba394
jamies@MacBook-Pro-khxng-Jamies CoffeeOrderMaster-firebase % railway up
Project not found. Run `railway link` to connect to a project.
jamies@MacBook-Pro-khxng-Jamies CoffeeOrderMaster-firebase % railway init
> Select a workspace Nutrawee Wisetsombut's Projects
? Project Name <cancelled>
Operation was canceled by the user